// Jest Snapshot v1, https://goo.gl/fbAQLP

exports[`should test components index 1`] = `
<div>
  <Connect(CommentBox) />
  <CommentList />
</div>
`;
